// Jest Snapshot v1, https://goo.gl/fbAQLP

exports[`Header Logo renders normal 1`] = `
<a
  className="HeaderLogo"
  href="/new"
>
  <img
    alt="Apollo Logo"
    className="Logo"
    src="icon-apollo-white.small.svg"
  />
  <img
    alt="Apollo Launchpad"
    className="Subbrand"
    src="logo-apollo-white-subbrand-launchpad.svg"
  />
</a>
`;
